Archive member included to satisfy reference by file (symbol)

/opt/st/stm32cubeide_1.13.2/plugins/com.st.stm32cube.ide.mcu.externaltools.gnu-tools-for-stm32.11.3.rel1.linux64_1.1.1.202309131626/tools/bin/../lib/gcc/arm-none-eabi/11.3.1/../../../../arm-none-eabi/lib/thumb/v6-m/nofp/libc_nano.a(libc_a-exit.o)
                              /opt/st/stm32cubeide_1.13.2/plugins/com.st.stm32cube.ide.mcu.externaltools.gnu-tools-for-stm32.11.3.rel1.linux64_1.1.1.202309131626/tools/bin/../lib/gcc/arm-none-eabi/11.3.1/../../../../arm-none-eabi/lib/thumb/v6-m/nofp/crt0.o (exit)
/opt/st/stm32cubeide_1.13.2/plugins/com.st.stm32cube.ide.mcu.externaltools.gnu-tools-for-stm32.11.3.rel1.linux64_1.1.1.202309131626/tools/bin/../lib/gcc/arm-none-eabi/11.3.1/../../../../arm-none-eabi/lib/thumb/v6-m/nofp/libc_nano.a(libc_a-findfp.o)
                              /opt/st/stm32cubeide_1.13.2/plugins/com.st.stm32cube.ide.mcu.externaltools.gnu-tools-for-stm32.11.3.rel1.linux64_1.1.1.202309131626/tools/bin/../lib/gcc/arm-none-eabi/11.3.1/../../../../arm-none-eabi/lib/thumb/v6-m/nofp/libc_nano.a(libc_a-exit.o) (__stdio_exit_handler)
/opt/st/stm32cubeide_1.13.2/plugins/com.st.stm32cube.ide.mcu.externaltools.gnu-tools-for-stm32.11.3.rel1.linux64_1.1.1.202309131626/tools/bin/../lib/gcc/arm-none-eabi/11.3.1/../../../../arm-none-eabi/lib/thumb/v6-m/nofp/libc_nano.a(libc_a-fwalk.o)
                              /opt/st/stm32cubeide_1.13.2/plugins/com.st.stm32cube.ide.mcu.externaltools.gnu-tools-for-stm32.11.3.rel1.linux64_1.1.1.202309131626/tools/bin/../lib/gcc/arm-none-eabi/11.3.1/../../../../arm-none-eabi/lib/thumb/v6-m/nofp/libc_nano.a(libc_a-findfp.o) (_fwalk_sglue)
/opt/st/stm32cubeide_1.13.2/plugins/com.st.stm32cube.ide.mcu.externaltools.gnu-tools-for-stm32.11.3.rel1.linux64_1.1.1.202309131626/tools/bin/../lib/gcc/arm-none-eabi/11.3.1/../../../../arm-none-eabi/lib/thumb/v6-m/nofp/libc_nano.a(libc_a-stdio.o)
                              /opt/st/stm32cubeide_1.13.2/plugins/com.st.stm32cube.ide.mcu.externaltools.gnu-tools-for-stm32.11.3.rel1.linux64_1.1.1.202309131626/tools/bin/../lib/gcc/arm-none-eabi/11.3.1/../../../../arm-none-eabi/lib/thumb/v6-m/nofp/libc_nano.a(libc_a-findfp.o) (__sread)
/opt/st/stm32cubeide_1.13.2/plugins/com.st.stm32cube.ide.mcu.externaltools.gnu-tools-for-stm32.11.3.rel1.linux64_1.1.1.202309131626/tools/bin/../lib/gcc/arm-none-eabi/11.3.1/../../../../arm-none-eabi/lib/thumb/v6-m/nofp/libc_nano.a(libc_a-memset.o)
                              /opt/st/stm32cubeide_1.13.2/plugins/com.st.stm32cube.ide.mcu.externaltools.gnu-tools-for-stm32.11.3.rel1.linux64_1.1.1.202309131626/tools/bin/../lib/gcc/arm-none-eabi/11.3.1/../../../../arm-none-eabi/lib/thumb/v6-m/nofp/crt0.o (memset)
/opt/st/stm32cubeide_1.13.2/plugins/com.st.stm32cube.ide.mcu.externaltools.gnu-tools-for-stm32.11.3.rel1.linux64_1.1.1.202309131626/tools/bin/../lib/gcc/arm-none-eabi/11.3.1/../../../../arm-none-eabi/lib/thumb/v6-m/nofp/libc_nano.a(libc_a-strncmp.o)
                              ./TraceRecorder/trcSnapshotRecorder.o (strncmp)
/opt/st/stm32cubeide_1.13.2/plugins/com.st.stm32cube.ide.mcu.externaltools.gnu-tools-for-stm32.11.3.rel1.linux64_1.1.1.202309131626/tools/bin/../lib/gcc/arm-none-eabi/11.3.1/../../../../arm-none-eabi/lib/thumb/v6-m/nofp/libc_nano.a(libc_a-closer.o)
                              /opt/st/stm32cubeide_1.13.2/plugins/com.st.stm32cube.ide.mcu.externaltools.gnu-tools-for-stm32.11.3.rel1.linux64_1.1.1.202309131626/tools/bin/../lib/gcc/arm-none-eabi/11.3.1/../../../../arm-none-eabi/lib/thumb/v6-m/nofp/libc_nano.a(libc_a-stdio.o) (_close_r)
/opt/st/stm32cubeide_1.13.2/plugins/com.st.stm32cube.ide.mcu.externaltools.gnu-tools-for-stm32.11.3.rel1.linux64_1.1.1.202309131626/tools/bin/../lib/gcc/arm-none-eabi/11.3.1/../../../../arm-none-eabi/lib/thumb/v6-m/nofp/libc_nano.a(libc_a-reent.o)
                              /opt/st/stm32cubeide_1.13.2/plugins/com.st.stm32cube.ide.mcu.externaltools.gnu-tools-for-stm32.11.3.rel1.linux64_1.1.1.202309131626/tools/bin/../lib/gcc/arm-none-eabi/11.3.1/../../../../arm-none-eabi/lib/thumb/v6-m/nofp/libc_nano.a(libc_a-closer.o) (errno)
/opt/st/stm32cubeide_1.13.2/plugins/com.st.stm32cube.ide.mcu.externaltools.gnu-tools-for-stm32.11.3.rel1.linux64_1.1.1.202309131626/tools/bin/../lib/gcc/arm-none-eabi/11.3.1/../../../../arm-none-eabi/lib/thumb/v6-m/nofp/libc_nano.a(libc_a-impure.o)
                              /opt/st/stm32cubeide_1.13.2/plugins/com.st.stm32cube.ide.mcu.externaltools.gnu-tools-for-stm32.11.3.rel1.linux64_1.1.1.202309131626/tools/bin/../lib/gcc/arm-none-eabi/11.3.1/../../../../arm-none-eabi/lib/thumb/v6-m/nofp/libc_nano.a(libc_a-reent.o) (_impure_ptr)
/opt/st/stm32cubeide_1.13.2/plugins/com.st.stm32cube.ide.mcu.externaltools.gnu-tools-for-stm32.11.3.rel1.linux64_1.1.1.202309131626/tools/bin/../lib/gcc/arm-none-eabi/11.3.1/../../../../arm-none-eabi/lib/thumb/v6-m/nofp/libc_nano.a(libc_a-lseekr.o)
[...]
Memory Configuration

Name             Origin             Length             Attributes
FLASH            0x0000000008000000 0x0000000000020000 xr
RAM              0x0000000020000000 0x0000000000004000 xrw
MEMORY_B1        0x0000000060000000 0x0000000000000000 xr
*default*        0x0000000000000000 0xffffffffffffffff

Linker script and memory map

LOAD /opt/st/stm32cubeide_1.13.2/plugins/com.st.stm32cube.ide.mcu.externaltools.gnu-tools-for-stm32.11.3.rel1.linux64_1.1.1.202309131626/tools/bin/../lib/gcc/arm-none-eabi/11.3.1/thumb/v6-m/nofp/crti.o
LOAD /opt/st/stm32cubeide_1.13.2/plugins/com.st.stm32cube.ide.mcu.externaltools.gnu-tools-for-stm32.11.3.rel1.linux64_1.1.1.202309131626/tools/bin/../lib/gcc/arm-none-eabi/11.3.1/thumb/v6-m/nofp/crtbegin.o
LOAD /opt/st/stm32cubeide_1.13.2/plugins/com.st.stm32cube.ide.mcu.externaltools.gnu-tools-for-stm32.11.3.rel1.linux64_1.1.1.202309131626/tools/bin/../lib/gcc/arm-none-eabi/11.3.1/../../../../arm-none-eabi/lib/thumb/v6-m/nofp/crt0.o
LOAD ./.metadata/.plugins/org.eclipse.cdt.make.core/specs.o
LOAD ./FreeRTOS/croutine.o
LOAD ./FreeRTOS/event_groups.o
LOAD ./FreeRTOS/list.o
LOAD ./FreeRTOS/queue.o
LOAD ./FreeRTOS/stream_buffer.o
LOAD ./FreeRTOS/tasks.o
LOAD ./FreeRTOS/timers.o
LOAD ./FreeRTOS/portable/GCC/ARM_CM0/port.o
LOAD ./FreeRTOS/portable/MemMang/heap_1.o
LOAD ./TraceRecorder/streamports/Jlink_RTT/SEGGER_RTT.o
LOAD ./TraceRecorder/streamports/Jlink_RTT/trcStreamPort.o
LOAD ./TraceRecorder/trcAssert.o
LOAD ./TraceRecorder/trcCounter.o
LOAD ./TraceRecorder/trcDependency.o
LOAD ./TraceRecorder/trcDiagnostics.o
LOAD ./TraceRecorder/trcEntryTable.o
LOAD ./TraceRecorder/trcError.o
LOAD ./TraceRecorder/trcEvent.o
LOAD ./TraceRecorder/trcEventBuffer.o
LOAD ./TraceRecorder/trcExtension.o
LOAD ./TraceRecorder/trcHardwarePort.o
LOAD ./TraceRecorder/trcHeap.o
LOAD ./TraceRecorder/trcISR.o
LOAD ./TraceRecorder/trcInternalEventBuffer.o
LOAD ./TraceRecorder/trcInterval.o
LOAD ./TraceRecorder/trcKernelPort.o
LOAD ./TraceRecorder/trcMultiCoreEventBuffer.o
LOAD ./TraceRecorder/trcObject.o
LOAD ./TraceRecorder/trcPrint.o
LOAD ./TraceRecorder/trcRunnable.o
LOAD ./TraceRecorder/trcSnapshotRecorder.o
LOAD ./TraceRecorder/trcStackMonitor.o
LOAD ./TraceRecorder/trcStateMachine.o
LOAD ./TraceRecorder/trcStaticBuffer.o
LOAD ./TraceRecorder/trcStreamingRecorder.o
LOAD ./TraceRecorder/trcString.o
LOAD ./TraceRecorder/trcTask.o
LOAD ./TraceRecorder/trcTimestamp.o
LOAD ./app/src/main.o
LOAD ./app/src/printf-stdarg.o
LOAD ./app/src/stm32f0xx_it.o
LOAD ./app/src/tasks.o
LOAD ./bsp/src/bsp.o
LOAD ./bsp/src/delay.o
LOAD ./bsp/src/factory_io.o
LOAD ./cmsis/device/src/startup_stm32f072xb.o
LOAD ./cmsis/device/src/system_stm32f0xx.o
START GROUP
LOAD /opt/st/stm32cubeide_1.13.2/plugins/com.st.stm32cube.ide.mcu.externaltools.gnu-tools-for-stm32.11.3.rel1.linux64_1.1.1.202309131626/tools/bin/../lib/gcc/arm-none-eabi/11.3.1/../../../../arm-none-eabi/lib/thumb/v6-m/nofp/libc_nano.a
LOAD /opt/st/stm32cubeide_1.13.2/plugins/com.st.stm32cube.ide.mcu.externaltools.gnu-tools-for-stm32.11.3.rel1.linux64_1.1.1.202309131626/tools/bin/../lib/gcc/arm-none-eabi/11.3.1/../../../../arm-none-eabi/lib/thumb/v6-m/nofp/libm.a
END GROUP
LOAD /opt/st/stm32cubeide_1.13.2/plugins/com.st.stm32cube.ide.mcu.externaltools.gnu-tools-for-stm32.11.3.rel1.linux64_1.1.1.202309131626/tools/bin/../lib/gcc/arm-none-eabi/11.3.1/thumb/v6-m/nofp/crtend.o
LOAD /opt/st/stm32cubeide_1.13.2/plugins/com.st.stm32cube.ide.mcu.externaltools.gnu-tools-for-stm32.11.3.rel1.linux64_1.1.1.202309131626/tools/bin/../lib/gcc/arm-none-eabi/11.3.1/thumb/v6-m/nofp/crtn.o
                0x0000000020004000                _estack = 0x20004000
                0x0000000000000000                _Min_Heap_Size = 0x0
                0x0000000000000080                _Min_Stack_Size = 0x80

.isr_vector     0x0000000008000000       0xc0
                0x0000000008000000                . = ALIGN (0x4)
 *(.isr_vector)
 .isr_vector    0x0000000008000000       0xc0 ./cmsis/device/src/startup_stm32f072xb.o
                0x0000000008000000                g_pfnVectors
                0x00000000080000c0                . = ALIGN (0x4)

.text           0x00000000080000c0      0xf30
                0x00000000080000c0                . = ALIGN (0x4)
 *(.text)
 .text          0x00000000080000c0       0x48 /opt/st/stm32cubeide_1.13.2/plugins/com.st.stm32cube.ide.mcu.externaltools.gnu-tools-for-stm32.11.3.rel1.linux64_1.1.1.202309131626/tools/bin/../lib/gcc/arm-none-eabi/11.3.1/thumb/v6-m/nofp/crtbegin.o
 .text          0x0000000008000108      0x114 /opt/st/stm32cubeide_1.13.2/plugins/com.st.stm32cube.ide.mcu.externaltools.gnu-tools-for-stm32.11.3.rel1.linux64_1.1.1.202309131626/tools/bin/../lib/gcc/arm-none-eabi/11.3.1/thumb/v6-m/nofp/libgcc.a(_udivsi3.o)
                0x0000000008000108                __udivsi3
                0x0000000008000108                __aeabi_uidiv
                0x0000000008000214                __aeabi_uidivmod
 .text          0x000000000800021c        0x4 /opt/st/stm32cubeide_1.13.2/plugins/com.st.stm32cube.ide.mcu.externaltools.gnu-tools-for-stm32.11.3.rel1.linux64_1.1.1.202309131626/tools/bin/../lib/gcc/arm-none-eabi/11.3.1/thumb/v6-m/nofp/libgcc.a(_dvmd_tls.o)
                0x000000000800021c                __aeabi_ldiv0
                0x000000000800021c                __aeabi_idiv0
 *(.text*)
 .text.main     0x0000000008000220      0x178 ./app/src/main.o
                0x0000000008000220                main
 .text.SystemClock_Config
                0x0000000008000398      0x1e8 ./app/src/main.o
 .text.printchar
                0x0000000008000580       0x48 ./app/src/printf-stdarg.o
 .text.prints   0x00000000080005c8       0xb8 ./app/src/printf-stdarg.o
 .text.printi   0x0000000008000680       0xec ./app/src/printf-stdarg.o
 .text.print    0x000000000800076c      0x1c8 ./app/src/printf-stdarg.o
 .text.my_printf
                0x0000000008000934       0x2a ./app/src/printf-stdarg.o
                0x0000000008000934                my_printf
 .text.NMI_Handler
                0x000000000800095e        0xa ./app/src/stm32f0xx_it.o
                0x000000000800095e                NMI_Handler
 .text.HardFault_Handler
                0x0000000008000968        0x6 ./app/src/stm32f0xx_it.o
                0x0000000008000968                HardFault_Handler
 .text.SVC_Handler
                0x000000000800096e        0xa ./app/src/stm32f0xx_it.o
                0x000000000800096e                SVC_Handler
 .text.PendSV_Handler
                0x0000000008000978        0xa ./app/src/stm32f0xx_it.o
                0x0000000008000978                PendSV_Handler
 .text.SysTick_Handler
                0x0000000008000982        0xa ./app/src/stm32f0xx_it.o
                0x0000000008000982                SysTick_Handler
 .text.BSP_LED_Init
                0x000000000800098c       0x90 ./bsp/src/bsp.o
                0x000000000800098c                BSP_LED_Init
 .text.BSP_LED_Toggle
                0x0000000008000a1c       0x1a ./bsp/src/bsp.o
                0x0000000008000a1c                BSP_LED_Toggle
 *fill*         0x0000000008000a36        0x2 
 .text.BSP_PB_Init
                0x0000000008000a38       0x44 ./bsp/src/bsp.o
                0x0000000008000a38                BSP_PB_Init
 .text.BSP_PB_GetState
                0x0000000008000a7c       0x38 ./bsp/src/bsp.o
                0x0000000008000a7c                BSP_PB_GetState
 .text.BSP_Console_Init
                0x0000000008000ab4      0x150 ./bsp/src/bsp.o
                0x0000000008000ab4                BSP_Console_Init
 .text.BSP_DELAY_ms
                0x0000000008000c04       0x30 ./bsp/src/bsp.o
                0x0000000008000c04                BSP_DELAY_ms
 .text.delay_ms
                0x0000000008000c34       0x30 ./bsp/src/delay.o
                0x0000000008000c34                delay_ms
 .text.FACTORY_IO_Actuators_Set
                0x0000000008000c64       0x90 ./bsp/src/factory_io.o
                0x0000000008000c64                FACTORY_IO_Actuators_Set
 .text.FACTORY_IO_Sensors_Get
                0x0000000008000cf4       0x5c ./bsp/src/factory_io.o
                0x0000000008000cf4                FACTORY_IO_Sensors_Get
 .text.FACTORY_IO_update
                0x0000000008000d50       0x58 ./bsp/src/factory_io.o
                0x0000000008000d50                FACTORY_IO_update
 .text.Reset_Handler
                0x0000000008000da8       0x50 ./cmsis/device/src/startup_stm32f072xb.o
                0x0000000008000da8                Reset_Handler
 .text.Default_Handler
                0x0000000008000df8        0x2 ./cmsis/device/src/startup_stm32f072xb.o
                0x0000000008000df8                TIM1_CC_IRQHandler
                0x0000000008000df8                TSC_IRQHandler
                0x0000000008000df8                ADC1_COMP_IRQHandler
                0x0000000008000df8                I2C1_IRQHandler
                0x0000000008000df8                RCC_CRS_IRQHandler
                0x0000000008000df8                SPI1_IRQHandler
                0x0000000008000df8                TIM6_DAC_IRQHandler
                0x0000000008000df8                USART3_4_IRQHandler
                0x0000000008000df8                EXTI2_3_IRQHandler
                0x0000000008000df8                I2C2_IRQHandler
                0x0000000008000df8                TIM17_IRQHandler
                0x0000000008000df8                CEC_CAN_IRQHandler
                0x0000000008000df8                RTC_IRQHandler
                0x0000000008000df8                PVD_VDDIO2_IRQHandler
                0x0000000008000df8                DMA1_Channel4_5_6_7_IRQHandler
                0x0000000008000df8                TIM16_IRQHandler
                0x0000000008000df8                TIM3_IRQHandler
                0x0000000008000df8                EXTI4_15_IRQHandler
                0x0000000008000df8                DMA1_Channel1_IRQHandler
                0x0000000008000df8                Default_Handler
                0x0000000008000df8                TIM14_IRQHandler
                0x0000000008000df8                TIM7_IRQHandler
                0x0000000008000df8                TIM15_IRQHandler
                0x0000000008000df8                EXTI0_1_IRQHandler
                0x0000000008000df8                USB_IRQHandler
                0x0000000008000df8                SPI2_IRQHandler
                0x0000000008000df8                WWDG_IRQHandler
                0x0000000008000df8                TIM2_IRQHandler
                0x0000000008000df8                DMA1_Channel2_3_IRQHandler
                0x0000000008000df8                USART2_IRQHandler
                0x0000000008000df8                FLASH_IRQHandler
                0x0000000008000df8                USART1_IRQHandler
                0x0000000008000df8                TIM1_BRK_UP_TRG_COM_IRQHandler
 *fill*         0x0000000008000dfa        0x2 
 .text.SystemInit
                0x0000000008000dfc       0x88 ./cmsis/device/src/system_stm32f0xx.o
                0x0000000008000dfc                SystemInit
 .text.SystemCoreClockUpdate
                0x0000000008000e84      0x10c ./cmsis/device/src/system_stm32f0xx.o
                0x0000000008000e84                SystemCoreClockUpdate
 .text.__libc_init_array
                0x0000000008000f90       0x48 /opt/st/stm32cubeide_1.13.2/plugins/com.st.stm32cube.ide.mcu.externaltools.gnu-tools-for-stm32.11.3.rel1.linux64_1.1.1.202309131626/tools/bin/../lib/gcc/arm-none-eabi/11.3.1/../../../../arm-none-eabi/lib/thumb/v6-m/nofp/libc_nano.a(libc_a-init.o)
                0x0000000008000f90                __libc_init_array
 *(.glue_7)
 .glue_7        0x0000000008000fd8        0x0 linker stubs
 *(.glue_7t)
 .glue_7t       0x0000000008000fd8        0x0 linker stubs
 *(.eh_frame)
 .eh_frame      0x0000000008000fd8        0x0 /opt/st/stm32cubeide_1.13.2/plugins/com.st.stm32cube.ide.mcu.externaltools.gnu-tools-for-stm32.11.3.rel1.linux64_1.1.1.202309131626/tools/bin/../lib/gcc/arm-none-eabi/11.3.1/thumb/v6-m/nofp/crtbegin.o
 *(.init)
 .init          0x0000000008000fd8        0x4 /opt/st/stm32cubeide_1.13.2/plugins/com.st.stm32cube.ide.mcu.externaltools.gnu-tools-for-stm32.11.3.rel1.linux64_1.1.1.202309131626/tools/bin/../lib/gcc/arm-none-eabi/11.3.1/thumb/v6-m/nofp/crti.o
                0x0000000008000fd8                _init
 .init          0x0000000008000fdc        0x8 /opt/st/stm32cubeide_1.13.2/plugins/com.st.stm32cube.ide.mcu.externaltools.gnu-tools-for-stm32.11.3.rel1.linux64_1.1.1.202309131626/tools/bin/../lib/gcc/arm-none-eabi/11.3.1/thumb/v6-m/nofp/crtn.o
 *(.fini)
 .fini          0x0000000008000fe4        0x4 /opt/st/stm32cubeide_1.13.2/plugins/com.st.stm32cube.ide.mcu.externaltools.gnu-tools-for-stm32.11.3.rel1.linux64_1.1.1.202309131626/tools/bin/../lib/gcc/arm-none-eabi/11.3.1/thumb/v6-m/nofp/crti.o
                0x0000000008000fe4                _fini
 .fini          0x0000000008000fe8        0x8 /opt/st/stm32cubeide_1.13.2/plugins/com.st.stm32cube.ide.mcu.externaltools.gnu-tools-for-stm32.11.3.rel1.linux64_1.1.1.202309131626/tools/bin/../lib/gcc/arm-none-eabi/11.3.1/thumb/v6-m/nofp/crtn.o
                0x0000000008000ff0                . = ALIGN (0x4)
                0x0000000008000ff0                _etext = .

.vfp11_veneer   0x0000000008000ff0        0x0
 .vfp11_veneer  0x0000000008000ff0        0x0 linker stubs

.v4_bx          0x0000000008000ff0        0x0
 .v4_bx         0x0000000008000ff0        0x0 linker stubs

.iplt           0x0000000008000ff0        0x0
 .iplt          0x0000000008000ff0        0x0 /opt/st/stm32cubeide_1.13.2/plugins/com.st.stm32cube.ide.mcu.externaltools.gnu-tools-for-stm32.11.3.rel1.linux64_1.1.1.202309131626/tools/bin/../lib/gcc/arm-none-eabi/11.3.1/thumb/v6-m/nofp/crtbegin.o

.rodata         0x0000000008000ff0       0x90
                0x0000000008000ff0                . = ALIGN (0x4)
 *(.rodata)
 .rodata        0x0000000008000ff0       0x78 ./app/src/main.o
 .rodata        0x0000000008001068        0x7 ./app/src/printf-stdarg.o
 *(.rodata*)
 *fill*         0x000000000800106f        0x1 
 .rodata.AHBPrescTable
                0x0000000008001070       0x10 ./cmsis/device/src/system_stm32f0xx.o
                0x0000000008001070                AHBPrescTable
                0x0000000008001080                . = ALIGN (0x4)

.ARM.extab
 *(.ARM.extab* .gnu.linkonce.armextab.*)

.ARM            0x0000000008001080        0x0
                0x0000000008001080                __exidx_start = .
 *(.ARM.exidx*)
                0x0000000008001080                __exidx_end = .

.preinit_array  0x0000000008001080        0x0
                0x0000000008001080                PROVIDE (__preinit_array_start = .)
 *(.preinit_array*)
                0x0000000008001080                PROVIDE (__preinit_array_end = .)

.init_array     0x0000000008001080        0x4
                0x0000000008001080                PROVIDE (__init_array_start = .)
 *(SORT_BY_NAME(.init_array.*))
 *(.init_array*)
 .init_array    0x0000000008001080        0x4 /opt/st/stm32cubeide_1.13.2/plugins/com.st.stm32cube.ide.mcu.externaltools.gnu-tools-for-stm32.11.3.rel1.linux64_1.1.1.202309131626/tools/bin/../lib/gcc/arm-none-eabi/11.3.1/thumb/v6-m/nofp/crtbegin.o
                0x0000000008001084                PROVIDE (__init_array_end = .)

.fini_array     0x0000000008001084        0x4
                [!provide]                        PROVIDE (__fini_array_start = .)
 *(SORT_BY_NAME(.fini_array.*))
 *(.fini_array*)
 .fini_array    0x0000000008001084        0x4 /opt/st/stm32cubeide_1.13.2/plugins/com.st.stm32cube.ide.mcu.externaltools.gnu-tools-for-stm32.11.3.rel1.linux64_1.1.1.202309131626/tools/bin/../lib/gcc/arm-none-eabi/11.3.1/thumb/v6-m/nofp/crtbegin.o
                [!provide]                        PROVIDE (__fini_array_end = .)
                0x0000000008001088                _sidata = LOADADDR (.data)

.rel.dyn        0x0000000008001088        0x0
 .rel.iplt      0x0000000008001088        0x0 /opt/st/stm32cubeide_1.13.2/plugins/com.st.stm32cube.ide.mcu.externaltools.gnu-tools-for-stm32.11.3.rel1.linux64_1.1.1.202309131626/tools/bin/../lib/gcc/arm-none-eabi/11.3.1/thumb/v6-m/nofp/crtbegin.o

.data           0x0000000020000000        0x4 load address 0x0000000008001088
                0x0000000020000000                . = ALIGN (0x4)
                0x0000000020000000                _sdata = .
 *(.data)
 *(.data*)
 .data.SystemCoreClock
                0x0000000020000000        0x4 ./cmsis/device/src/system_stm32f0xx.o
                0x0000000020000000                SystemCoreClock
                0x0000000020000004                . = ALIGN (0x4)
                0x0000000020000004                _edata = .

.igot.plt       0x0000000020000004        0x0 load address 0x000000000800108c
 .igot.plt      0x0000000020000004        0x0 /opt/st/stm32cubeide_1.13.2/plugins/com.st.stm32cube.ide.mcu.externaltools.gnu-tools-for-stm32.11.3.rel1.linux64_1.1.1.202309131626/tools/bin/../lib/gcc/arm-none-eabi/11.3.1/thumb/v6-m/nofp/crtbegin.o
                0x0000000020000004                . = ALIGN (0x4)

.bss            0x0000000020000004       0x30 load address 0x000000000800108c
                0x0000000020000004                _sbss = .
                0x0000000020000004                __bss_start__ = _sbss
 *(.bss)
 .bss           0x0000000020000004       0x1c /opt/st/stm32cubeide_1.13.2/plugins/com.st.stm32cube.ide.mcu.externaltools.gnu-tools-for-stm32.11.3.rel1.linux64_1.1.1.202309131626/tools/bin/../lib/gcc/arm-none-eabi/11.3.1/thumb/v6-m/nofp/crtbegin.o
 *(.bss*)
 .bss.command   0x0000000020000020        0x4 ./app/src/main.o
                0x0000000020000020                command
 .bss.rx_dma_buffer
                0x0000000020000024        0xe ./bsp/src/factory_io.o
                0x0000000020000024                rx_dma_buffer
 *(COMMON)
                0x0000000020000034                . = ALIGN (0x4)
 *fill*         0x0000000020000032        0x2 
                0x0000000020000034                _ebss = .
                0x0000000020000034                __bss_end__ = _ebss

._user_heap_stack
                0x0000000020000034       0x80 load address 0x000000000800108c
                0x0000000020000034                . = ALIGN (0x4)
                [!provide]                        PROVIDE (end = .)
                [!provide]                        PROVIDE (_end = .)
                0x0000000020000034                . = (. + _Min_Heap_Size)
                0x00000000200000b4                . = (. + _Min_Stack_Size)
 *fill*         0x0000000020000034       0x80 
                0x00000000200000b4                . = ALIGN (0x4)

.memory_b1_text
 *(.mb1text)
 *(.mb1text*)
 *(.mb1rodata)
 *(.mb1rodata*)

/DISCARD/
 libc.a(*)
 libm.a(*)
 libgcc.a(*)

.ARM.attributes
                0x0000000000000000       0x28
 *(.ARM.attributes)
 .ARM.attributes
                0x0000000000000000       0x1e /opt/st/stm32cubeide_1.13.2/plugins/com.st.stm32cube.ide.mcu.externaltools.gnu-tools-for-stm32.11.3.rel1.linux64_1.1.1.202309131626/tools/bin/../lib/gcc/arm-none-eabi/11.3.1/thumb/v6-m/nofp/crti.o
 .ARM.attributes
                0x000000000000001e       0x2c /opt/st/stm32cubeide_1.13.2/plugins/com.st.stm32cube.ide.mcu.externaltools.gnu-tools-for-stm32.11.3.rel1.linux64_1.1.1.202309131626/tools/bin/../lib/gcc/arm-none-eabi/11.3.1/thumb/v6-m/nofp/crtbegin.o
 .ARM.attributes
                0x000000000000004a       0x2c ./app/src/main.o
 .ARM.attributes
                0x0000000000000076       0x2c ./app/src/printf-stdarg.o
 .ARM.attributes
                0x00000000000000a2       0x2c ./app/src/stm32f0xx_it.o
 .ARM.attributes
                0x00000000000000ce       0x2c ./bsp/src/bsp.o
 .ARM.attributes
                0x00000000000000fa       0x2c ./bsp/src/delay.o
 .ARM.attributes
                0x0000000000000126       0x2c ./bsp/src/factory_io.o
 .ARM.attributes
                0x0000000000000152       0x21 ./cmsis/device/src/startup_stm32f072xb.o
 .ARM.attributes
                0x0000000000000173       0x2c ./cmsis/device/src/system_stm32f0xx.o
 .ARM.attributes
                0x000000000000019f       0x2c /opt/st/stm32cubeide_1.13.2/plugins/com.st.stm32cube.ide.mcu.externaltools.gnu-tools-for-stm32.11.3.rel1.linux64_1.1.1.202309131626/tools/bin/../lib/gcc/arm-none-eabi/11.3.1/../../../../arm-none-eabi/lib/thumb/v6-m/nofp/libc_nano.a(libc_a-init.o)
 .ARM.attributes
                0x00000000000001cb       0x1e /opt/st/stm32cubeide_1.13.2/plugins/com.st.stm32cube.ide.mcu.externaltools.gnu-tools-for-stm32.11.3.rel1.linux64_1.1.1.202309131626/tools/bin/../lib/gcc/arm-none-eabi/11.3.1/thumb/v6-m/nofp/crtn.o
OUTPUT(FreeRTOS_Palletizer.elf elf32-littlearm)
LOAD linker stubs
LOAD /opt/st/stm32cubeide_1.13.2/plugins/com.st.stm32cube.ide.mcu.externaltools.gnu-tools-for-stm32.11.3.rel1.linux64_1.1.1.202309131626/tools/bin/../lib/gcc/arm-none-eabi/11.3.1/../../../../arm-none-eabi/lib/thumb/v6-m/nofp/libc.a
LOAD /opt/st/stm32cubeide_1.13.2/plugins/com.st.stm32cube.ide.mcu.externaltools.gnu-tools-for-stm32.11.3.rel1.linux64_1.1.1.202309131626/tools/bin/../lib/gcc/arm-none-eabi/11.3.1/../../../../arm-none-eabi/lib/thumb/v6-m/nofp/libm.a
LOAD /opt/st/stm32cubeide_1.13.2/plugins/com.st.stm32cube.ide.mcu.externaltools.gnu-tools-for-stm32.11.3.rel1.linux64_1.1.1.202309131626/tools/bin/../lib/gcc/arm-none-eabi/11.3.1/thumb/v6-m/nofp/libgcc.a

.comment        0x0000000000000000       0x43
 .comment       0x0000000000000000       0x43 /opt/st/stm32cubeide_1.13.2/plugins/com.st.stm32cube.ide.mcu.externaltools.gnu-tools-for-stm32.11.3.rel1.linux64_1.1.1.202309131626/tools/bin/../lib/gcc/arm-none-eabi/11.3.1/thumb/v6-m/nofp/crtbegin.o
                                         0x44 (size before relaxing)
 .comment       0x0000000000000043       0x44 ./app/src/main.o
 .comment       0x0000000000000043       0x44 ./app/src/printf-stdarg.o
 .comment       0x0000000000000043       0x44 ./app/src/stm32f0xx_it.o
 .comment       0x0000000000000043       0x44 ./bsp/src/bsp.o
 .comment       0x0000000000000043       0x44 ./bsp/src/delay.o
 .comment       0x0000000000000043       0x44 ./bsp/src/factory_io.o
 .comment       0x0000000000000043       0x44 ./cmsis/device/src/system_stm32f0xx.o

.debug_info     0x0000000000000000     0x12a2
 .debug_info    0x0000000000000000      0x39d ./app/src/main.o
 .debug_info    0x000000000000039d      0x459 ./app/src/printf-stdarg.o
 .debug_info    0x00000000000007f6       0xcf ./app/src/stm32f0xx_it.o
 .debug_info    0x00000000000008c5      0x438 ./bsp/src/bsp.o
 .debug_info    0x0000000000000cfd       0xe3 ./bsp/src/delay.o
 .debug_info    0x0000000000000de0      0x262 ./bsp/src/factory_io.o
 .debug_info    0x0000000000001042       0x23 ./cmsis/device/src/startup_stm32f072xb.o
 .debug_info    0x0000000000001065      0x23d ./cmsis/device/src/system_stm32f0xx.o

.debug_abbrev   0x0000000000000000      0x783
 .debug_abbrev  0x0000000000000000      0x17c ./app/src/main.o
 .debug_abbrev  0x000000000000017c      0x192 ./app/src/printf-stdarg.o
 .debug_abbrev  0x000000000000030e       0x47 ./app/src/stm32f0xx_it.o
 .debug_abbrev  0x0000000000000355      0x13a ./bsp/src/bsp.o
 .debug_abbrev  0x000000000000048f       0x95 ./bsp/src/delay.o
 .debug_abbrev  0x0000000000000524      0x131 ./bsp/src/factory_io.o
 .debug_abbrev  0x0000000000000655       0x12 ./cmsis/device/src/startup_stm32f072xb.o
 .debug_abbrev  0x0000000000000667      0x11c ./cmsis/device/src/system_stm32f0xx.o

.debug_aranges  0x0000000000000000      0x1b8
 .debug_aranges
                0x0000000000000000       0x28 ./app/src/main.o
 .debug_aranges
                0x0000000000000028       0x48 ./app/src/printf-stdarg.o
 .debug_aranges
                0x0000000000000070       0x40 ./app/src/stm32f0xx_it.o
 .debug_aranges
                0x00000000000000b0       0x60 ./bsp/src/bsp.o
 .debug_aranges
                0x0000000000000110       0x28 ./bsp/src/delay.o
 .debug_aranges
                0x0000000000000138       0x30 ./bsp/src/factory_io.o
 .debug_aranges
                0x0000000000000168       0x28 ./cmsis/device/src/startup_stm32f072xb.o
 .debug_aranges
                0x0000000000000190       0x28 ./cmsis/device/src/system_stm32f0xx.o

.debug_rnglists
                0x0000000000000000      0x12c
 .debug_rnglists
                0x0000000000000000       0x1b ./app/src/main.o
 .debug_rnglists
                0x000000000000001b       0x34 ./app/src/printf-stdarg.o
 .debug_rnglists
                0x000000000000004f       0x2b ./app/src/stm32f0xx_it.o
 .debug_rnglists
                0x000000000000007a       0x45 ./bsp/src/bsp.o
 .debug_rnglists
                0x00000000000000bf       0x19 ./bsp/src/delay.o
 .debug_rnglists
                0x00000000000000d8       0x20 ./bsp/src/factory_io.o
 .debug_rnglists
                0x00000000000000f8       0x19 ./cmsis/device/src/startup_stm32f072xb.o
 .debug_rnglists
                0x0000000000000111       0x1b ./cmsis/device/src/system_stm32f0xx.o

.debug_macro    0x0000000000000000      0x94d
 .debug_macro   0x0000000000000000      0x1e7 ./app/src/main.o
 .debug_macro   0x00000000000001e7       0x52 ./app/src/main.o
 .debug_macro   0x0000000000000239       0xda ./app/src/printf-stdarg.o
 .debug_macro   0x0000000000000313      0x1f1 ./app/src/stm32f0xx_it.o
 .debug_macro   0x0000000000000504      0x1e7 ./bsp/src/bsp.o
 .debug_macro   0x00000000000006eb       0xc9 ./bsp/src/delay.o
 .debug_macro   0x00000000000007b4       0xc8 ./bsp/src/factory_io.o
 .debug_macro   0x000000000000087c       0xd1 ./cmsis/device/src/system_stm32f0xx.o

.debug_line     0x0000000000000000     0x315a
 .debug_line    0x0000000000000000      0x8ea ./app/src/main.o
 .debug_line    0x00000000000008ea      0x763 ./app/src/printf-stdarg.o
 .debug_line    0x000000000000104d      0x7ff ./app/src/stm32f0xx_it.o
 .debug_line    0x000000000000184c      0x907 ./bsp/src/bsp.o
 .debug_line    0x0000000000002153      0x4d6 ./bsp/src/delay.o
 .debug_line    0x0000000000002629      0x5a7 ./bsp/src/factory_io.o
 .debug_line    0x0000000000002bd0       0x7c ./cmsis/device/src/startup_stm32f072xb.o
 .debug_line    0x0000000000002c4c      0x50e ./cmsis/device/src/system_stm32f0xx.o

.debug_str      0x0000000000000000    0x69c58
 .debug_str     0x0000000000000000    0x6994a ./app/src/main.o
                                      0x69b7f (size before relaxing)
 .debug_str     0x000000000006994a       0xea ./app/src/printf-stdarg.o
                                      0x5913c (size before relaxing)
 .debug_str     0x0000000000069a34       0x75 ./app/src/stm32f0xx_it.o
                                      0x69a0e (size before relaxing)
 .debug_str     0x0000000000069aa9       0x73 ./bsp/src/bsp.o
                                      0x69b4d (size before relaxing)
 .debug_str     0x0000000000069b1c       0x1c ./bsp/src/delay.o
                                      0x58f3b (size before relaxing)
 .debug_str     0x0000000000069b38       0x20 ./bsp/src/factory_io.o
                                      0x590ff (size before relaxing)
 .debug_str     0x0000000000069b58       0x36 ./cmsis/device/src/startup_stm32f072xb.o
                                         0x70 (size before relaxing)
 .debug_str     0x0000000000069b8e       0xca ./cmsis/device/src/system_stm32f0xx.o
                                      0x59053 (size before relaxing)

.debug_frame    0x0000000000000000      0x420
 .debug_frame   0x0000000000000000       0x4c ./app/src/main.o
 .debug_frame   0x000000000000004c       0xe8 ./app/src/printf-stdarg.o
 .debug_frame   0x0000000000000134       0x9c ./app/src/stm32f0xx_it.o
 .debug_frame   0x00000000000001d0      0x118 ./bsp/src/bsp.o
 .debug_frame   0x00000000000002e8       0x50 ./bsp/src/delay.o
 .debug_frame   0x0000000000000338       0x70 ./bsp/src/factory_io.o
 .debug_frame   0x00000000000003a8       0x4c ./cmsis/device/src/system_stm32f0xx.o
 .debug_frame   0x00000000000003f4       0x2c /opt/st/stm32cubeide_1.13.2/plugins/com.st.stm32cube.ide.mcu.externaltools.gnu-tools-for-stm32.11.3.rel1.linux64_1.1.1.202309131626/tools/bin/../lib/gcc/arm-none-eabi/11.3.1/../../../../arm-none-eabi/lib/thumb/v6-m/nofp/libc_nano.a(libc_a-init.o)

.debug_line_str
                0x0000000000000000       0x64
 .debug_line_str
                0x0000000000000000       0x64 ./cmsis/device/src/startup_stm32f072xb.o
                                         0x7a (size before relaxing)
